ARM Linker, 5.02 [Build 28] [MDK-ARM Lite]

==============================================================================

Section Cross References

    main.o(i.TIMER0_IRQHandler) refers to lib_debounce.o(i.debounce) for debounce
    main.o(i.TIMER0_IRQHandler) refers to main.o(.data) for timer0_cc0_period
    main.o(i.TIMER0_IRQHandler) refers to main.o(.bss) for button
    main.o(i.main) refers to uidiv.o(.text) for __aeabi_uidivmod
    main.o(i.main) refers to main.o(i.timer0_init) for timer0_init
    main.o(i.main) refers to lib_debounce.o(i.debounce_init) for debounce_init
    main.o(i.main) refers to system_nrf51.o(.data) for SystemCoreClock
    main.o(i.main) refers to main.o(.data) for timer0_cc0_period
    main.o(i.main) refers to main.o(.bss) for button
    main.o(i.timer0_init) refers to main.o(.data) for timer0_cc0_period
    lib_debounce.o(i.debounce_init) refers to uidiv.o(.text) for __aeabi_uidivmod
    startup_arm_nrf51.o(RESET) refers to startup_arm_nrf51.o(STACK) for __initial_sp
    startup_arm_nrf51.o(RESET) refers to startup_arm_nrf51.o(.text) for Reset_Handler
    startup_arm_nrf51.o(RESET) refers to main.o(i.TIMER0_IRQHandler) for TIMER0_IRQHandler
    startup_arm_nrf51.o(.text) refers to system_nrf51.o(i.SystemInit) for SystemInit
    startup_arm_nrf51.o(.text) refers to entry.o(.ARM.Collect$$$$00000000) for __main
    system_nrf51.o(i.SystemCoreClockUpdate) refers to system_nrf51.o(.data) for SystemCoreClock
    entry.o(.ARM.Collect$$$$00000000) refers (Special) to entry7b.o(.ARM.Collect$$$$00000008) for _main_clock
    entry.o(.ARM.Collect$$$$00000000) refers (Special) to entry8.o(.ARM.Collect$$$$00000009) for _main_init
    entry.o(.ARM.Collect$$$$00000000) refers (Special) to entry5.o(.ARM.Collect$$$$00000004) for _main_scatterload
    entry.o(.ARM.Collect$$$$00000000) refers (Special) to entry2.o(.ARM.Collect$$$$00000001) for _main_stk
    entry2.o(.ARM.Collect$$$$00000001) refers to entry2.o(.ARM.Collect$$$$00002712) for __lit__00000000
    entry2.o(.ARM.Collect$$$$00002712) refers to startup_arm_nrf51.o(STACK) for __initial_sp
    entry2.o(__vectab_stack_and_reset_area) refers to startup_arm_nrf51.o(STACK) for __initial_sp
    entry2.o(__vectab_stack_and_reset_area) refers to entry.o(.ARM.Collect$$$$00000000) for __main
    entry5.o(.ARM.Collect$$$$00000004) refers to init.o(.text) for __scatterload
    entry8.o(.ARM.Collect$$$$00000009) refers to main.o(i.main) for main
    init.o(.text) refers to entry5.o(.ARM.Collect$$$$00000004) for __main_after_scatterload


==============================================================================

Removing Unused input sections from the image.

    Removing main.o(.rev16_text), (4 bytes).
    Removing main.o(.revsh_text), (4 bytes).
    Removing startup_arm_nrf51.o(HEAP), (2048 bytes).
    Removing system_nrf51.o(.rev16_text), (4 bytes).
    Removing system_nrf51.o(.revsh_text), (4 bytes).
    Removing system_nrf51.o(i.SystemCoreClockUpdate), (16 bytes).

6 unused section(s) (total 2080 bytes) removed from the image.

==============================================================================

Image Symbol Table

    Local Symbols

    Symbol Name                              Value     Ov Type        Size  Object(Section)

    RESET                                    0x00000000   Section      192  startup_arm_nrf51.o(RESET)
    ../clib/microlib/division.c              0x00000000   Number         0  uidiv.o ABSOLUTE
    ../clib/microlib/init/entry.s            0x00000000   Number         0  entry7b.o ABSOLUTE
    ../clib/microlib/init/entry.s            0x00000000   Number         0  entry7a.o ABSOLUTE
    ../clib/microlib/init/entry.s            0x00000000   Number         0  entry2.o ABSOLUTE
    ../clib/microlib/init/entry.s            0x00000000   Number         0  entry.o ABSOLUTE
    ../clib/microlib/init/entry.s            0x00000000   Number         0  entry5.o ABSOLUTE
    ../clib/microlib/init/entry.s            0x00000000   Number         0  entry8.o ABSOLUTE
    ..\..\..\..\Source\templates\arm\arm_startup_nrf51.s 0x00000000   Number         0  startup_arm_nrf51.o ABSOLUTE
    ..\..\..\..\Source\templates\system_nrf51.c 0x00000000   Number         0  system_nrf51.o ABSOLUTE
    ..\\..\\..\\..\\Source\\templates\\system_nrf51.c 0x00000000   Number         0  system_nrf51.o ABSOLUTE
    ..\\main.c                               0x00000000   Number         0  main.o ABSOLUTE
    ..\lib_debounce.c                        0x00000000   Number         0  lib_debounce.o ABSOLUTE
    ..\main.c                                0x00000000   Number         0  main.o ABSOLUTE
    dc.s                                     0x00000000   Number         0  dc.o ABSOLUTE
    handlers.s                               0x00000000   Number         0  handlers.o ABSOLUTE
    init.s                                   0x00000000   Number         0  init.o ABSOLUTE
    .ARM.Collect$$$$00000000                 0x000000c0   Section        0  entry.o(.ARM.Collect$$$$00000000)
    .ARM.Collect$$$$00000001                 0x000000c0   Section        4  entry2.o(.ARM.Collect$$$$00000001)
    .ARM.Collect$$$$00000004                 0x000000c4   Section        4  entry5.o(.ARM.Collect$$$$00000004)
    .ARM.Collect$$$$00000008                 0x000000c8   Section        0  entry7b.o(.ARM.Collect$$$$00000008)
    .ARM.Collect$$$$00000009                 0x000000c8   Section        8  entry8.o(.ARM.Collect$$$$00000009)
    .ARM.Collect$$$$00002712                 0x000000d0   Section        4  entry2.o(.ARM.Collect$$$$00002712)
    __lit__00000000                          0x000000d0   Data           4  entry2.o(.ARM.Collect$$$$00002712)
    .text                                    0x000000d4   Section       44  startup_arm_nrf51.o(.text)
    .text                                    0x00000100   Section        0  uidiv.o(.text)
    .text                                    0x0000012c   Section       36  init.o(.text)
    i.SystemInit                             0x00000150   Section        0  system_nrf51.o(i.SystemInit)
    i.TIMER0_IRQHandler                      0x0000017c   Section        0  main.o(i.TIMER0_IRQHandler)
    i.__scatterload_copy                     0x000001e8   Section       14  handlers.o(i.__scatterload_copy)
    i.__scatterload_null                     0x000001f6   Section        2  handlers.o(i.__scatterload_null)
    i.__scatterload_zeroinit                 0x000001f8   Section       14  handlers.o(i.__scatterload_zeroinit)
    i.debounce                               0x00000206   Section        0  lib_debounce.o(i.debounce)
    i.debounce_init                          0x00000242   Section        0  lib_debounce.o(i.debounce_init)
    i.main                                   0x00000268   Section        0  main.o(i.main)
    i.timer0_init                            0x0000034c   Section        0  main.o(i.timer0_init)
    timer0_init                              0x0000034d   Thumb Code    38  main.o(i.timer0_init)
    .data                                    0x20000000   Section        4  main.o(.data)
    timer0_cc0_period                        0x20000000   Data           4  main.o(.data)
    .data                                    0x20000004   Section        4  system_nrf51.o(.data)
    .bss                                     0x20000008   Section      160  main.o(.bss)
    button                                   0x20000008   Data         160  main.o(.bss)
    STACK                                    0x200000a8   Section     2048  startup_arm_nrf51.o(STACK)

    Global Symbols

    Symbol Name                              Value     Ov Type        Size  Object(Section)

    BuildAttributes$$THM_ISAv3M$S$PE$A:L22$X:L11$S22$IEEE1$IW$USESV6$~STKCKD$USESV7$~SHL$OSPACE$EBA8$MICROLIB$REQ8$PRES8$EABIv2 0x00000000   Number         0  anon$$obj.o ABSOLUTE
    __ARM_use_no_argv                        0x00000000   Number         0  main.o ABSOLUTE
    __Vectors                                0x00000000   Data           4  startup_arm_nrf51.o(RESET)
    __decompress                              - Undefined Weak Reference
    _clock_init                               - Undefined Weak Reference
    __Vectors_End                            0x000000c0   Data           0  startup_arm_nrf51.o(RESET)
    __Vectors_Size                           0x000000c0   Number         0  startup_arm_nrf51.o ABSOLUTE
    __main                                   0x000000c1   Thumb Code     0  entry.o(.ARM.Collect$$$$00000000)
    _main_stk                                0x000000c1   Thumb Code     0  entry2.o(.ARM.Collect$$$$00000001)
    _main_scatterload                        0x000000c5   Thumb Code     0  entry5.o(.ARM.Collect$$$$00000004)
    __main_after_scatterload                 0x000000c9   Thumb Code     0  entry5.o(.ARM.Collect$$$$00000004)
    _main_clock                              0x000000c9   Thumb Code     0  entry7b.o(.ARM.Collect$$$$00000008)
    _main_init                               0x000000c9   Thumb Code     0  entry8.o(.ARM.Collect$$$$00000009)
    Reset_Handler                            0x000000d5   Thumb Code    18  startup_arm_nrf51.o(.text)
    NMI_Handler                              0x000000e7   Thumb Code     2  startup_arm_nrf51.o(.text)
    HardFault_Handler                        0x000000e9   Thumb Code     2  startup_arm_nrf51.o(.text)
    SVC_Handler                              0x000000eb   Thumb Code     2  startup_arm_nrf51.o(.text)
    PendSV_Handler                           0x000000ed   Thumb Code     2  startup_arm_nrf51.o(.text)
    SysTick_Handler                          0x000000ef   Thumb Code     2  startup_arm_nrf51.o(.text)
    ADC_IRQHandler                           0x000000f1   Thumb Code     0  startup_arm_nrf51.o(.text)
    CCM_AAR_IRQHandler                       0x000000f1   Thumb Code     0  startup_arm_nrf51.o(.text)
    ECB_IRQHandler                           0x000000f1   Thumb Code     0  startup_arm_nrf51.o(.text)
    GPIOTE_IRQHandler                        0x000000f1   Thumb Code     0  startup_arm_nrf51.o(.text)
    POWER_CLOCK_IRQHandler                   0x000000f1   Thumb Code     0  startup_arm_nrf51.o(.text)
    QDEC_IRQHandler                          0x000000f1   Thumb Code     0  startup_arm_nrf51.o(.text)
    RADIO_IRQHandler                         0x000000f1   Thumb Code     0  startup_arm_nrf51.o(.text)
    RNG_IRQHandler                           0x000000f1   Thumb Code     0  startup_arm_nrf51.o(.text)
    RTC0_IRQHandler                          0x000000f1   Thumb Code     0  startup_arm_nrf51.o(.text)
    RTC1_IRQHandler                          0x000000f1   Thumb Code     0  startup_arm_nrf51.o(.text)
    SPI0_TWI0_IRQHandler                     0x000000f1   Thumb Code     0  startup_arm_nrf51.o(.text)
    SPI1_TWI1_IRQHandler                     0x000000f1   Thumb Code     0  startup_arm_nrf51.o(.text)
    SWI0_IRQHandler                          0x000000f1   Thumb Code     0  startup_arm_nrf51.o(.text)
    SWI1_IRQHandler                          0x000000f1   Thumb Code     0  startup_arm_nrf51.o(.text)
    SWI2_IRQHandler                          0x000000f1   Thumb Code     0  startup_arm_nrf51.o(.text)
    SWI3_IRQHandler                          0x000000f1   Thumb Code     0  startup_arm_nrf51.o(.text)
    SWI4_IRQHandler                          0x000000f1   Thumb Code     0  startup_arm_nrf51.o(.text)
    SWI5_IRQHandler                          0x000000f1   Thumb Code     0  startup_arm_nrf51.o(.text)
    TEMP_IRQHandler                          0x000000f1   Thumb Code     0  startup_arm_nrf51.o(.text)
    TIMER1_IRQHandler                        0x000000f1   Thumb Code     0  startup_arm_nrf51.o(.text)
    TIMER2_IRQHandler                        0x000000f1   Thumb Code     0  startup_arm_nrf51.o(.text)
    UART0_IRQHandler                         0x000000f1   Thumb Code     0  startup_arm_nrf51.o(.text)
    WDT_IRQHandler                           0x000000f1   Thumb Code     0  startup_arm_nrf51.o(.text)
    WUCOMP_COMP_IRQHandler                   0x000000f1   Thumb Code     0  startup_arm_nrf51.o(.text)
    __aeabi_uidiv                            0x00000101   Thumb Code     0  uidiv.o(.text)
    __aeabi_uidivmod                         0x00000101   Thumb Code    44  uidiv.o(.text)
    __scatterload                            0x0000012d   Thumb Code    28  init.o(.text)
    __scatterload_rt2                        0x0000012d   Thumb Code     0  init.o(.text)
    SystemInit                               0x00000151   Thumb Code    26  system_nrf51.o(i.SystemInit)
    TIMER0_IRQHandler                        0x0000017d   Thumb Code    82  main.o(i.TIMER0_IRQHandler)
    __scatterload_copy                       0x000001e9   Thumb Code    14  handlers.o(i.__scatterload_copy)
    __scatterload_null                       0x000001f7   Thumb Code     2  handlers.o(i.__scatterload_null)
    __scatterload_zeroinit                   0x000001f9   Thumb Code    14  handlers.o(i.__scatterload_zeroinit)
    debounce                                 0x00000207   Thumb Code    60  lib_debounce.o(i.debounce)
    debounce_init                            0x00000243   Thumb Code    38  lib_debounce.o(i.debounce_init)
    main                                     0x00000269   Thumb Code   204  main.o(i.main)
    Region$$Table$$Base                      0x00000384   Number         0  anon$$obj.o(Region$$Table)
    Region$$Table$$Limit                     0x00000394   Number         0  anon$$obj.o(Region$$Table)
    SystemCoreClock                          0x20000004   Data           4  system_nrf51.o(.data)
    __initial_sp                             0x200008a8   Data           0  startup_arm_nrf51.o(STACK)



==============================================================================

Memory Map of the image

  Image Entry point : 0x000000c1

  Load Region LR_IROM1 (Base: 0x00000000, Size: 0x0000039c, Max: 0x00040000, ABSOLUTE)

    Execution Region ER_IROM1 (Base: 0x00000000, Size: 0x00000394, Max: 0x00040000, ABSOLUTE)

    Base Addr    Size         Type   Attr      Idx    E Section Name        Object

    0x00000000   0x000000c0   Data   RO          101    RESET               startup_arm_nrf51.o
    0x000000c0   0x00000000   Code   RO          144  * .ARM.Collect$$$$00000000  mc_p.l(entry.o)
    0x000000c0   0x00000004   Code   RO          149    .ARM.Collect$$$$00000001  mc_p.l(entry2.o)
    0x000000c4   0x00000004   Code   RO          152    .ARM.Collect$$$$00000004  mc_p.l(entry5.o)
    0x000000c8   0x00000000   Code   RO          154    .ARM.Collect$$$$00000008  mc_p.l(entry7b.o)
    0x000000c8   0x00000008   Code   RO          155    .ARM.Collect$$$$00000009  mc_p.l(entry8.o)
    0x000000d0   0x00000004   Code   RO          150    .ARM.Collect$$$$00002712  mc_p.l(entry2.o)
    0x000000d4   0x0000002c   Code   RO          102    .text               startup_arm_nrf51.o
    0x00000100   0x0000002c   Code   RO          147    .text               mc_p.l(uidiv.o)
    0x0000012c   0x00000024   Code   RO          156    .text               mc_p.l(init.o)
    0x00000150   0x0000002c   Code   RO          109    i.SystemInit        system_nrf51.o
    0x0000017c   0x0000006c   Code   RO            3    i.TIMER0_IRQHandler  main.o
    0x000001e8   0x0000000e   Code   RO          160    i.__scatterload_copy  mc_p.l(handlers.o)
    0x000001f6   0x00000002   Code   RO          161    i.__scatterload_null  mc_p.l(handlers.o)
    0x000001f8   0x0000000e   Code   RO          162    i.__scatterload_zeroinit  mc_p.l(handlers.o)
    0x00000206   0x0000003c   Code   RO           81    i.debounce          lib_debounce.o
    0x00000242   0x00000026   Code   RO           82    i.debounce_init     lib_debounce.o
    0x00000268   0x000000e4   Code   RO            4    i.main              main.o
    0x0000034c   0x00000038   Code   RO            5    i.timer0_init       main.o
    0x00000384   0x00000010   Data   RO          158    Region$$Table       anon$$obj.o


    Execution Region RW_IRAM1 (Base: 0x20000000, Size: 0x000008a8, Max: 0x00004000, ABSOLUTE, UNINIT)

    Base Addr    Size         Type   Attr      Idx    E Section Name        Object

    0x20000000   0x00000004   Data   RW            7    .data               main.o
    0x20000004   0x00000004   Data   RW          110    .data               system_nrf51.o
    0x20000008   0x000000a0   Zero   RW            6    .bss                main.o
    0x200000a8   0x00000800   Zero   RW           99    STACK               startup_arm_nrf51.o


==============================================================================

Image component sizes


      Code (inc. data)   RO Data    RW Data    ZI Data      Debug   Object Name

        98          0          0          0          0       1399   lib_debounce.o
       392         68          0          4        160      30023   main.o
        44         14        192          0       2048        668   startup_arm_nrf51.o
        44         18          0          4          0        743   system_nrf51.o

    ----------------------------------------------------------------------
       578        100        208          8       2208      32833   Object Totals
         0          0         16          0          0          0   (incl. Generated)
         0          0          0          0          0          0   (incl. Padding)

    ----------------------------------------------------------------------

      Code (inc. data)   RO Data    RW Data    ZI Data      Debug   Library Member Name

         0          0          0          0          0          0   entry.o
         8          4          0          0          0          0   entry2.o
         4          0          0          0          0          0   entry5.o
         0          0          0          0          0          0   entry7b.o
         8          4          0          0          0          0   entry8.o
        30          0          0          0          0          0   handlers.o
        36          8          0          0          0         68   init.o
        44          0          0          0          0         72   uidiv.o

    ----------------------------------------------------------------------
       130         16          0          0          0        140   Library Totals
         0          0          0          0          0          0   (incl. Padding)

    ----------------------------------------------------------------------

      Code (inc. data)   RO Data    RW Data    ZI Data      Debug   Library Name

       130         16          0          0          0        140   mc_p.l

    ----------------------------------------------------------------------
       130         16          0          0          0        140   Library Totals

    ----------------------------------------------------------------------

==============================================================================


      Code (inc. data)   RO Data    RW Data    ZI Data      Debug   

       708        116        208          8       2208      32745   Grand Totals
       708        116        208          8       2208      32745   ELF Image Totals
       708        116        208          8          0          0   ROM Totals

==============================================================================

    Total RO  Size (Code + RO Data)                  916 (   0.89kB)
    Total RW  Size (RW Data + ZI Data)              2216 (   2.16kB)
    Total ROM Size (Code + RO Data + RW Data)        924 (   0.90kB)

==============================================================================

