<html>
<body>
<pre>
<h1>µVision Build Log</h1>
<h2>Project:</h2>
D:\myProjects\d2m_project\kickstarter\melon\firmware\nolem_m2d\nrf51822\Board\melon\blinky_example\arm\blinky.uvproj
Project File Date:  10/07/2013

<h2>Output:</h2>
 
*** Rebuild Pass #1 with Cross-Module Feedback - 'Clean' invoked.
Clean started: Project: 'blinky'
   deleting intermediate output files for target 'nrf51822_xxaa (256K)'
Rebuild target 'nrf51822_xxaa (256K)'
creating preprocessor file for main.c...
compiling main.c...
assembling startup_arm_nrf51.s...
creating preprocessor file for system_nrf51.c...
compiling system_nrf51.c...
creating preprocessor file for nrf_delay.c...
compiling nrf_delay.c...
linking...
Program Size: Code=356 RO-data=192 RW-data=0 ZI-data=2048  
".\_build\blinky_arm.axf" - 0 Error(s), 0 Warning(s).
 
*** Rebuild Pass #2 with Cross-Module Feedback invoked.
Rebuild target 'nrf51822_xxaa (256K)'
creating preprocessor file for main.c...
compiling main.c...
assembling startup_arm_nrf51.s...
creating preprocessor file for system_nrf51.c...
compiling system_nrf51.c...
creating preprocessor file for nrf_delay.c...
compiling nrf_delay.c...
linking...
Program Size: Code=356 RO-data=192 RW-data=0 ZI-data=2048  
FromELF: creating hex file...
".\_build\blinky_arm.axf" - 0 Error(s), 0 Warning(s).
 
*** Rebuild Pass #1 with Cross-Module Feedback - 'Clean' invoked.
Clean started: Project: 'blinky'
   deleting intermediate output files for target 'nrf51822_xxaa (256K)'
Rebuild target 'nrf51822_xxaa (256K)'
creating preprocessor file for main.c...
compiling main.c...
assembling startup_arm_nrf51.s...
creating preprocessor file for system_nrf51.c...
compiling system_nrf51.c...
creating preprocessor file for nrf_delay.c...
compiling nrf_delay.c...
linking...
Program Size: Code=356 RO-data=192 RW-data=0 ZI-data=2048  
".\_build\blinky_arm.axf" - 0 Error(s), 0 Warning(s).
 
*** Rebuild Pass #2 with Cross-Module Feedback invoked.
Rebuild target 'nrf51822_xxaa (256K)'
creating preprocessor file for main.c...
compiling main.c...
assembling startup_arm_nrf51.s...
creating preprocessor file for system_nrf51.c...
compiling system_nrf51.c...
creating preprocessor file for nrf_delay.c...
compiling nrf_delay.c...
linking...
Program Size: Code=356 RO-data=192 RW-data=0 ZI-data=2048  
FromELF: creating hex file...
".\_build\blinky_arm.axf" - 0 Error(s), 0 Warning(s).
 
*** Rebuild Pass #1 with Cross-Module Feedback - 'Clean' invoked.
Clean started: Project: 'blinky'
   deleting intermediate output files for target 'nrf51822_xxaa (256K)'
Rebuild target 'nrf51822_xxaa (256K)'
creating preprocessor file for main.c...
compiling main.c...
assembling startup_arm_nrf51.s...
creating preprocessor file for system_nrf51.c...
compiling system_nrf51.c...
creating preprocessor file for nrf_delay.c...
compiling nrf_delay.c...
linking...
Program Size: Code=356 RO-data=192 RW-data=0 ZI-data=2048  
".\_build\melon_blinky.axf" - 0 Error(s), 0 Warning(s).
 
*** Rebuild Pass #2 with Cross-Module Feedback invoked.
Rebuild target 'nrf51822_xxaa (256K)'
creating preprocessor file for main.c...
compiling main.c...
assembling startup_arm_nrf51.s...
creating preprocessor file for system_nrf51.c...
compiling system_nrf51.c...
creating preprocessor file for nrf_delay.c...
compiling nrf_delay.c...
linking...
Program Size: Code=356 RO-data=192 RW-data=0 ZI-data=2048  
FromELF: creating hex file...
".\_build\melon_blinky.axf" - 0 Error(s), 0 Warning(s).
