<html>
<body>
<pre>
<h1>µVision Build Log</h1>
<h2>Project:</h2>
D:\myProjects\d2m_project\kickstarter\melon\firmware\nolem_m2d\nrf51822\Board\melon\blinky_example\arm\blinky.uvproj
Project File Date:  10/07/2013

<h2>Output:</h2>
 
*** Rebuild Pass #1 with Cross-Module Feedback - 'Clean' invoked.
Clean started: Project: 'blinky'
   deleting intermediate output files for target 'nrf51822_xxaa (256K)'
Rebuild target 'nrf51822_xxaa (256K)'
creating preprocessor file for main.c...
compiling main.c...
assembling startup_arm_nrf51.s...
creating preprocessor file for system_nrf51.c...
compiling system_nrf51.c...
creating preprocessor file for nrf_delay.c...
compiling nrf_delay.c...
linking...
Program Size: Code=844 RO-data=208 RW-data=12 ZI-data=2052  
".\_build\melon_blinky.axf" - 0 Error(s), 0 Warning(s).
 
*** Rebuild Pass #2 with Cross-Module Feedback invoked.
Rebuild target 'nrf51822_xxaa (256K)'
creating preprocessor file for main.c...
compiling main.c...
assembling startup_arm_nrf51.s...
creating preprocessor file for system_nrf51.c...
compiling system_nrf51.c...
creating preprocessor file for nrf_delay.c...
compiling nrf_delay.c...
linking...
Program Size: Code=844 RO-data=208 RW-data=12 ZI-data=2052  
FromELF: creating hex file...
".\_build\melon_blinky.axf" - 0 Error(s), 0 Warning(s).
 
*** Rebuild Pass #1 with Cross-Module Feedback - 'Clean' invoked.
Clean started: Project: 'blinky'
   deleting intermediate output files for target 'nrf51822_xxaa (256K)'
Rebuild target 'nrf51822_xxaa (256K)'
creating preprocessor file for main.c...
compiling main.c...
..\main.c(89): warning:  #177-D: variable "output_state" was declared but never referenced
assembling startup_arm_nrf51.s...
creating preprocessor file for system_nrf51.c...
compiling system_nrf51.c...
creating preprocessor file for nrf_delay.c...
compiling nrf_delay.c...
linking...
Program Size: Code=844 RO-data=208 RW-data=12 ZI-data=2052  
".\_build\melon_blinky.axf" - 0 Error(s), 1 Warning(s).
 
*** Rebuild Pass #2 with Cross-Module Feedback invoked.
Rebuild target 'nrf51822_xxaa (256K)'
creating preprocessor file for main.c...
compiling main.c...
..\main.c(89): warning:  #177-D: variable "output_state" was declared but never referenced
assembling startup_arm_nrf51.s...
creating preprocessor file for system_nrf51.c...
compiling system_nrf51.c...
creating preprocessor file for nrf_delay.c...
compiling nrf_delay.c...
linking...
Program Size: Code=844 RO-data=208 RW-data=12 ZI-data=2052  
FromELF: creating hex file...
".\_build\melon_blinky.axf" - 0 Error(s), 1 Warning(s).
 
*** Rebuild Pass #1 with Cross-Module Feedback - 'Clean' invoked.
Clean started: Project: 'blinky'
   deleting intermediate output files for target 'nrf51822_xxaa (256K)'
Rebuild target 'nrf51822_xxaa (256K)'
creating preprocessor file for main.c...
compiling main.c...
assembling startup_arm_nrf51.s...
creating preprocessor file for system_nrf51.c...
compiling system_nrf51.c...
creating preprocessor file for nrf_delay.c...
compiling nrf_delay.c...
linking...
Program Size: Code=844 RO-data=208 RW-data=12 ZI-data=2052  
".\_build\melon_blinky.axf" - 0 Error(s), 0 Warning(s).
 
*** Rebuild Pass #2 with Cross-Module Feedback invoked.
Rebuild target 'nrf51822_xxaa (256K)'
creating preprocessor file for main.c...
compiling main.c...
assembling startup_arm_nrf51.s...
creating preprocessor file for system_nrf51.c...
compiling system_nrf51.c...
creating preprocessor file for nrf_delay.c...
compiling nrf_delay.c...
linking...
Program Size: Code=844 RO-data=208 RW-data=12 ZI-data=2052  
FromELF: creating hex file...
".\_build\melon_blinky.axf" - 0 Error(s), 0 Warning(s).
 
*** Rebuild Pass #1 with Cross-Module Feedback - 'Clean' invoked.
Clean started: Project: 'blinky'
   deleting intermediate output files for target 'nrf51822_xxaa (256K)'
Build target 'nrf51822_xxaa (256K)'
creating preprocessor file for main.c...
compiling main.c...
..\main.c(97): warning:  #940-D: missing return statement at end of non-void function "key_scan"
..\main.c(84): warning:  #550-D: variable "pkey" was set but never used
..\main.c(85): warning:  #177-D: variable "tMode" was declared but never referenced
..\main.c(85): warning:  #177-D: variable "ttkey" was declared but never referenced
..\main.c(171): error:  #169: expected a declaration
..\main.c(175): warning: At end of source:  #12-D: parsing restarts here after previous syntax error
assembling startup_arm_nrf51.s...
creating preprocessor file for system_nrf51.c...
compiling system_nrf51.c...
creating preprocessor file for nrf_delay.c...
compiling nrf_delay.c...
Target not created
 
*** Rebuild Pass #1 with Cross-Module Feedback - 'Clean' invoked.
Clean started: Project: 'blinky'
   deleting intermediate output files for target 'nrf51822_xxaa (256K)'
Rebuild target 'nrf51822_xxaa (256K)'
creating preprocessor file for main.c...
compiling main.c...
..\main.c(97): warning:  #940-D: missing return statement at end of non-void function "key_scan"
..\main.c(84): warning:  #550-D: variable "pkey" was set but never used
..\main.c(85): warning:  #177-D: variable "tMode" was declared but never referenced
..\main.c(85): warning:  #177-D: variable "ttkey" was declared but never referenced
assembling startup_arm_nrf51.s...
creating preprocessor file for system_nrf51.c...
compiling system_nrf51.c...
creating preprocessor file for nrf_delay.c...
compiling nrf_delay.c...
linking...
Program Size: Code=840 RO-data=208 RW-data=16 ZI-data=2048  
".\_build\melon_blinky.axf" - 0 Error(s), 4 Warning(s).
 
*** Rebuild Pass #2 with Cross-Module Feedback invoked.
Rebuild target 'nrf51822_xxaa (256K)'
creating preprocessor file for main.c...
compiling main.c...
..\main.c(97): warning:  #940-D: missing return statement at end of non-void function "key_scan"
..\main.c(84): warning:  #550-D: variable "pkey" was set but never used
..\main.c(85): warning:  #177-D: variable "tMode" was declared but never referenced
..\main.c(85): warning:  #177-D: variable "ttkey" was declared but never referenced
assembling startup_arm_nrf51.s...
creating preprocessor file for system_nrf51.c...
compiling system_nrf51.c...
creating preprocessor file for nrf_delay.c...
compiling nrf_delay.c...
linking...
Program Size: Code=840 RO-data=208 RW-data=16 ZI-data=2048  
FromELF: creating hex file...
".\_build\melon_blinky.axf" - 0 Error(s), 4 Warning(s).
 
*** Rebuild Pass #1 with Cross-Module Feedback - 'Clean' invoked.
Clean started: Project: 'blinky'
   deleting intermediate output files for target 'nrf51822_xxaa (256K)'
Rebuild target 'nrf51822_xxaa (256K)'
creating preprocessor file for main.c...
compiling main.c...
..\main.c(87): error:  #20: identifier "pKey" is undefined
..\main.c(84): warning:  #550-D: variable "pkey" was set but never used
..\main.c(85): warning:  #177-D: variable "ttkey" was declared but never referenced
assembling startup_arm_nrf51.s...
creating preprocessor file for system_nrf51.c...
compiling system_nrf51.c...
creating preprocessor file for nrf_delay.c...
compiling nrf_delay.c...
Target not created
 
*** Rebuild Pass #1 with Cross-Module Feedback - 'Clean' invoked.
Clean started: Project: 'blinky'
   deleting intermediate output files for target 'nrf51822_xxaa (256K)'
Rebuild target 'nrf51822_xxaa (256K)'
creating preprocessor file for main.c...
compiling main.c...
..\main.c(87): error:  #20: identifier "pKey" is undefined
..\main.c(84): warning:  #550-D: variable "pkey" was set but never used
..\main.c(85): warning:  #177-D: variable "ttkey" was declared but never referenced
..\main.c(177): error:  #169: expected a declaration
..\main.c(181): warning: At end of source:  #12-D: parsing restarts here after previous syntax error
assembling startup_arm_nrf51.s...
creating preprocessor file for system_nrf51.c...
compiling system_nrf51.c...
creating preprocessor file for nrf_delay.c...
compiling nrf_delay.c...
Target not created
 
*** Rebuild Pass #1 with Cross-Module Feedback - 'Clean' invoked.
Clean started: Project: 'blinky'
   deleting intermediate output files for target 'nrf51822_xxaa (256K)'
Rebuild target 'nrf51822_xxaa (256K)'
creating preprocessor file for main.c...
compiling main.c...
..\main.c(85): warning:  #177-D: variable "ttkey" was declared but never referenced
..\main.c(177): error:  #169: expected a declaration
..\main.c(181): warning: At end of source:  #12-D: parsing restarts here after previous syntax error
assembling startup_arm_nrf51.s...
creating preprocessor file for system_nrf51.c...
compiling system_nrf51.c...
creating preprocessor file for nrf_delay.c...
compiling nrf_delay.c...
Target not created
 
*** Rebuild Pass #1 with Cross-Module Feedback - 'Clean' invoked.
Clean started: Project: 'blinky'
   deleting intermediate output files for target 'nrf51822_xxaa (256K)'
Rebuild target 'nrf51822_xxaa (256K)'
creating preprocessor file for main.c...
compiling main.c...
..\main.c(177): error:  #169: expected a declaration
..\main.c(181): warning: At end of source:  #12-D: parsing restarts here after previous syntax error
assembling startup_arm_nrf51.s...
creating preprocessor file for system_nrf51.c...
compiling system_nrf51.c...
creating preprocessor file for nrf_delay.c...
compiling nrf_delay.c...
Target not created
 
*** Rebuild Pass #1 with Cross-Module Feedback - 'Clean' invoked.
Clean started: Project: 'blinky'
   deleting intermediate output files for target 'nrf51822_xxaa (256K)'
Rebuild target 'nrf51822_xxaa (256K)'
creating preprocessor file for main.c...
compiling main.c...
assembling startup_arm_nrf51.s...
creating preprocessor file for system_nrf51.c...
compiling system_nrf51.c...
creating preprocessor file for nrf_delay.c...
compiling nrf_delay.c...
linking...
Program Size: Code=912 RO-data=208 RW-data=16 ZI-data=2048  
".\_build\melon_blinky.axf" - 0 Error(s), 0 Warning(s).
 
*** Rebuild Pass #2 with Cross-Module Feedback invoked.
Rebuild target 'nrf51822_xxaa (256K)'
creating preprocessor file for main.c...
compiling main.c...
assembling startup_arm_nrf51.s...
creating preprocessor file for system_nrf51.c...
compiling system_nrf51.c...
creating preprocessor file for nrf_delay.c...
compiling nrf_delay.c...
linking...
Program Size: Code=912 RO-data=208 RW-data=16 ZI-data=2048  
FromELF: creating hex file...
".\_build\melon_blinky.axf" - 0 Error(s), 0 Warning(s).
 
*** Rebuild Pass #1 with Cross-Module Feedback - 'Clean' invoked.
Clean started: Project: 'blinky'
   deleting intermediate output files for target 'nrf51822_xxaa (256K)'
Rebuild target 'nrf51822_xxaa (256K)'
creating preprocessor file for main.c...
compiling main.c...
assembling startup_arm_nrf51.s...
creating preprocessor file for system_nrf51.c...
compiling system_nrf51.c...
creating preprocessor file for nrf_delay.c...
compiling nrf_delay.c...
linking...
Program Size: Code=912 RO-data=208 RW-data=16 ZI-data=2048  
".\_build\melon_blinky.axf" - 0 Error(s), 0 Warning(s).
 
*** Rebuild Pass #2 with Cross-Module Feedback invoked.
Rebuild target 'nrf51822_xxaa (256K)'
creating preprocessor file for main.c...
compiling main.c...
assembling startup_arm_nrf51.s...
creating preprocessor file for system_nrf51.c...
compiling system_nrf51.c...
creating preprocessor file for nrf_delay.c...
compiling nrf_delay.c...
linking...
Program Size: Code=912 RO-data=208 RW-data=16 ZI-data=2048  
FromELF: creating hex file...
".\_build\melon_blinky.axf" - 0 Error(s), 0 Warning(s).
 
*** Rebuild Pass #1 with Cross-Module Feedback - 'Clean' invoked.
Clean started: Project: 'blinky'
   deleting intermediate output files for target 'nrf51822_xxaa (256K)'
Rebuild target 'nrf51822_xxaa (256K)'
creating preprocessor file for main.c...
compiling main.c...
assembling startup_arm_nrf51.s...
creating preprocessor file for system_nrf51.c...
compiling system_nrf51.c...
creating preprocessor file for nrf_delay.c...
compiling nrf_delay.c...
linking...
Program Size: Code=912 RO-data=208 RW-data=16 ZI-data=2048  
".\_build\melon_blinky.axf" - 0 Error(s), 0 Warning(s).
 
*** Rebuild Pass #2 with Cross-Module Feedback invoked.
Rebuild target 'nrf51822_xxaa (256K)'
creating preprocessor file for main.c...
compiling main.c...
assembling startup_arm_nrf51.s...
creating preprocessor file for system_nrf51.c...
compiling system_nrf51.c...
creating preprocessor file for nrf_delay.c...
compiling nrf_delay.c...
linking...
Program Size: Code=912 RO-data=208 RW-data=16 ZI-data=2048  
FromELF: creating hex file...
".\_build\melon_blinky.axf" - 0 Error(s), 0 Warning(s).
 
*** Rebuild Pass #1 with Cross-Module Feedback - 'Clean' invoked.
Clean started: Project: 'blinky'
   deleting intermediate output files for target 'nrf51822_xxaa (256K)'
Rebuild target 'nrf51822_xxaa (256K)'
creating preprocessor file for main.c...
compiling main.c...
assembling startup_arm_nrf51.s...
creating preprocessor file for system_nrf51.c...
compiling system_nrf51.c...
creating preprocessor file for nrf_delay.c...
compiling nrf_delay.c...
linking...
Program Size: Code=912 RO-data=208 RW-data=16 ZI-data=2048  
".\_build\melon_blinky.axf" - 0 Error(s), 0 Warning(s).
 
*** Rebuild Pass #2 with Cross-Module Feedback invoked.
Rebuild target 'nrf51822_xxaa (256K)'
creating preprocessor file for main.c...
compiling main.c...
assembling startup_arm_nrf51.s...
creating preprocessor file for system_nrf51.c...
compiling system_nrf51.c...
creating preprocessor file for nrf_delay.c...
compiling nrf_delay.c...
linking...
Program Size: Code=912 RO-data=208 RW-data=16 ZI-data=2048  
FromELF: creating hex file...
".\_build\melon_blinky.axf" - 0 Error(s), 0 Warning(s).
 
*** Rebuild Pass #1 with Cross-Module Feedback - 'Clean' invoked.
Clean started: Project: 'blinky'
   deleting intermediate output files for target 'nrf51822_xxaa (256K)'
Rebuild target 'nrf51822_xxaa (256K)'
creating preprocessor file for main.c...
compiling main.c...
assembling startup_arm_nrf51.s...
creating preprocessor file for system_nrf51.c...
compiling system_nrf51.c...
creating preprocessor file for nrf_delay.c...
compiling nrf_delay.c...
linking...
Program Size: Code=916 RO-data=208 RW-data=16 ZI-data=2048  
".\_build\melon_blinky.axf" - 0 Error(s), 0 Warning(s).
 
*** Rebuild Pass #2 with Cross-Module Feedback invoked.
Rebuild target 'nrf51822_xxaa (256K)'
creating preprocessor file for main.c...
compiling main.c...
assembling startup_arm_nrf51.s...
creating preprocessor file for system_nrf51.c...
compiling system_nrf51.c...
creating preprocessor file for nrf_delay.c...
compiling nrf_delay.c...
linking...
Program Size: Code=916 RO-data=208 RW-data=16 ZI-data=2048  
FromELF: creating hex file...
".\_build\melon_blinky.axf" - 0 Error(s), 0 Warning(s).
 
*** Rebuild Pass #1 with Cross-Module Feedback - 'Clean' invoked.
Clean started: Project: 'blinky'
   deleting intermediate output files for target 'nrf51822_xxaa (256K)'
Rebuild target 'nrf51822_xxaa (256K)'
creating preprocessor file for main.c...
compiling main.c...
assembling startup_arm_nrf51.s...
creating preprocessor file for system_nrf51.c...
compiling system_nrf51.c...
creating preprocessor file for nrf_delay.c...
compiling nrf_delay.c...
linking...
Program Size: Code=916 RO-data=208 RW-data=16 ZI-data=2048  
".\_build\melon_blinky.axf" - 0 Error(s), 0 Warning(s).
 
*** Rebuild Pass #2 with Cross-Module Feedback invoked.
Rebuild target 'nrf51822_xxaa (256K)'
creating preprocessor file for main.c...
compiling main.c...
assembling startup_arm_nrf51.s...
creating preprocessor file for system_nrf51.c...
compiling system_nrf51.c...
creating preprocessor file for nrf_delay.c...
compiling nrf_delay.c...
linking...
Program Size: Code=916 RO-data=208 RW-data=16 ZI-data=2048  
FromELF: creating hex file...
".\_build\melon_blinky.axf" - 0 Error(s), 0 Warning(s).
 
*** Rebuild Pass #1 with Cross-Module Feedback - 'Clean' invoked.
Clean started: Project: 'blinky'
   deleting intermediate output files for target 'nrf51822_xxaa (256K)'
Rebuild target 'nrf51822_xxaa (256K)'
creating preprocessor file for main.c...
compiling main.c...
assembling startup_arm_nrf51.s...
creating preprocessor file for system_nrf51.c...
compiling system_nrf51.c...
creating preprocessor file for nrf_delay.c...
compiling nrf_delay.c...
linking...
Program Size: Code=916 RO-data=208 RW-data=16 ZI-data=2048  
".\_build\melon_blinky.axf" - 0 Error(s), 0 Warning(s).
 
*** Rebuild Pass #2 with Cross-Module Feedback invoked.
Rebuild target 'nrf51822_xxaa (256K)'
creating preprocessor file for main.c...
compiling main.c...
assembling startup_arm_nrf51.s...
creating preprocessor file for system_nrf51.c...
compiling system_nrf51.c...
creating preprocessor file for nrf_delay.c...
compiling nrf_delay.c...
linking...
Program Size: Code=916 RO-data=208 RW-data=16 ZI-data=2048  
FromELF: creating hex file...
".\_build\melon_blinky.axf" - 0 Error(s), 0 Warning(s).
 
*** Rebuild Pass #1 with Cross-Module Feedback - 'Clean' invoked.
Clean started: Project: 'blinky'
   deleting intermediate output files for target 'nrf51822_xxaa (256K)'
Rebuild target 'nrf51822_xxaa (256K)'
creating preprocessor file for main.c...
compiling main.c...
assembling startup_arm_nrf51.s...
creating preprocessor file for system_nrf51.c...
compiling system_nrf51.c...
creating preprocessor file for nrf_delay.c...
compiling nrf_delay.c...
linking...
Program Size: Code=916 RO-data=208 RW-data=16 ZI-data=2048  
".\_build\melon_blinky.axf" - 0 Error(s), 0 Warning(s).
 
*** Rebuild Pass #2 with Cross-Module Feedback invoked.
Rebuild target 'nrf51822_xxaa (256K)'
creating preprocessor file for main.c...
compiling main.c...
assembling startup_arm_nrf51.s...
creating preprocessor file for system_nrf51.c...
compiling system_nrf51.c...
creating preprocessor file for nrf_delay.c...
compiling nrf_delay.c...
linking...
Program Size: Code=916 RO-data=208 RW-data=16 ZI-data=2048  
FromELF: creating hex file...
".\_build\melon_blinky.axf" - 0 Error(s), 0 Warning(s).
 
*** Rebuild Pass #1 with Cross-Module Feedback - 'Clean' invoked.
Clean started: Project: 'blinky'
   deleting intermediate output files for target 'nrf51822_xxaa (256K)'
Rebuild target 'nrf51822_xxaa (256K)'
creating preprocessor file for main.c...
compiling main.c...
assembling startup_arm_nrf51.s...
creating preprocessor file for system_nrf51.c...
compiling system_nrf51.c...
creating preprocessor file for nrf_delay.c...
compiling nrf_delay.c...
linking...
Program Size: Code=916 RO-data=208 RW-data=16 ZI-data=2048  
".\_build\melon_blinky.axf" - 0 Error(s), 0 Warning(s).
 
*** Rebuild Pass #2 with Cross-Module Feedback invoked.
Rebuild target 'nrf51822_xxaa (256K)'
creating preprocessor file for main.c...
compiling main.c...
assembling startup_arm_nrf51.s...
creating preprocessor file for system_nrf51.c...
compiling system_nrf51.c...
creating preprocessor file for nrf_delay.c...
compiling nrf_delay.c...
linking...
Program Size: Code=916 RO-data=208 RW-data=16 ZI-data=2048  
FromELF: creating hex file...
".\_build\melon_blinky.axf" - 0 Error(s), 0 Warning(s).
 
*** Rebuild Pass #1 with Cross-Module Feedback - 'Clean' invoked.
Clean started: Project: 'blinky'
   deleting intermediate output files for target 'nrf51822_xxaa (256K)'
Rebuild target 'nrf51822_xxaa (256K)'
creating preprocessor file for main.c...
compiling main.c...
assembling startup_arm_nrf51.s...
creating preprocessor file for system_nrf51.c...
compiling system_nrf51.c...
creating preprocessor file for nrf_delay.c...
compiling nrf_delay.c...
linking...
Program Size: Code=916 RO-data=208 RW-data=16 ZI-data=2048  
".\_build\melon_blinky.axf" - 0 Error(s), 0 Warning(s).
 
*** Rebuild Pass #2 with Cross-Module Feedback invoked.
Rebuild target 'nrf51822_xxaa (256K)'
creating preprocessor file for main.c...
compiling main.c...
assembling startup_arm_nrf51.s...
creating preprocessor file for system_nrf51.c...
compiling system_nrf51.c...
creating preprocessor file for nrf_delay.c...
compiling nrf_delay.c...
linking...
Program Size: Code=916 RO-data=208 RW-data=16 ZI-data=2048  
FromELF: creating hex file...
".\_build\melon_blinky.axf" - 0 Error(s), 0 Warning(s).
 
*** Rebuild Pass #1 with Cross-Module Feedback - 'Clean' invoked.
Clean started: Project: 'blinky'
   deleting intermediate output files for target 'nrf51822_xxaa (256K)'
Rebuild target 'nrf51822_xxaa (256K)'
creating preprocessor file for main.c...
compiling main.c...
assembling startup_arm_nrf51.s...
creating preprocessor file for system_nrf51.c...
compiling system_nrf51.c...
creating preprocessor file for nrf_delay.c...
compiling nrf_delay.c...
linking...
Program Size: Code=988 RO-data=208 RW-data=16 ZI-data=2048  
".\_build\melon_blinky.axf" - 0 Error(s), 0 Warning(s).
 
*** Rebuild Pass #2 with Cross-Module Feedback invoked.
Rebuild target 'nrf51822_xxaa (256K)'
creating preprocessor file for main.c...
compiling main.c...
assembling startup_arm_nrf51.s...
creating preprocessor file for system_nrf51.c...
compiling system_nrf51.c...
creating preprocessor file for nrf_delay.c...
compiling nrf_delay.c...
linking...
Program Size: Code=988 RO-data=208 RW-data=16 ZI-data=2048  
FromELF: creating hex file...
".\_build\melon_blinky.axf" - 0 Error(s), 0 Warning(s).
 
*** Rebuild Pass #1 with Cross-Module Feedback - 'Clean' invoked.
Clean started: Project: 'blinky'
   deleting intermediate output files for target 'nrf51822_xxaa (256K)'
Rebuild target 'nrf51822_xxaa (256K)'
creating preprocessor file for main.c...
compiling main.c...
assembling startup_arm_nrf51.s...
creating preprocessor file for system_nrf51.c...
compiling system_nrf51.c...
creating preprocessor file for nrf_delay.c...
compiling nrf_delay.c...
linking...
Program Size: Code=1032 RO-data=208 RW-data=16 ZI-data=2048  
".\_build\melon_blinky.axf" - 0 Error(s), 0 Warning(s).
 
*** Rebuild Pass #2 with Cross-Module Feedback invoked.
Rebuild target 'nrf51822_xxaa (256K)'
creating preprocessor file for main.c...
compiling main.c...
assembling startup_arm_nrf51.s...
creating preprocessor file for system_nrf51.c...
compiling system_nrf51.c...
creating preprocessor file for nrf_delay.c...
compiling nrf_delay.c...
linking...
Program Size: Code=1032 RO-data=208 RW-data=16 ZI-data=2048  
FromELF: creating hex file...
".\_build\melon_blinky.axf" - 0 Error(s), 0 Warning(s).
 
*** Rebuild Pass #1 with Cross-Module Feedback - 'Clean' invoked.
Clean started: Project: 'blinky'
   deleting intermediate output files for target 'nrf51822_xxaa (256K)'
Rebuild target 'nrf51822_xxaa (256K)'
creating preprocessor file for main.c...
compiling main.c...
assembling startup_arm_nrf51.s...
creating preprocessor file for system_nrf51.c...
compiling system_nrf51.c...
creating preprocessor file for nrf_delay.c...
compiling nrf_delay.c...
linking...
Program Size: Code=1032 RO-data=208 RW-data=16 ZI-data=2048  
".\_build\melon_blinky.axf" - 0 Error(s), 0 Warning(s).
 
*** Rebuild Pass #2 with Cross-Module Feedback invoked.
Rebuild target 'nrf51822_xxaa (256K)'
creating preprocessor file for main.c...
compiling main.c...
assembling startup_arm_nrf51.s...
creating preprocessor file for system_nrf51.c...
compiling system_nrf51.c...
creating preprocessor file for nrf_delay.c...
compiling nrf_delay.c...
linking...
Program Size: Code=1032 RO-data=208 RW-data=16 ZI-data=2048  
FromELF: creating hex file...
".\_build\melon_blinky.axf" - 0 Error(s), 0 Warning(s).
 
*** Rebuild Pass #1 with Cross-Module Feedback - 'Clean' invoked.
Clean started: Project: 'blinky'
   deleting intermediate output files for target 'nrf51822_xxaa (256K)'
Rebuild target 'nrf51822_xxaa (256K)'
creating preprocessor file for main.c...
compiling main.c...
assembling startup_arm_nrf51.s...
creating preprocessor file for system_nrf51.c...
compiling system_nrf51.c...
creating preprocessor file for nrf_delay.c...
compiling nrf_delay.c...
linking...
Program Size: Code=1040 RO-data=208 RW-data=16 ZI-data=2048  
".\_build\melon_blinky.axf" - 0 Error(s), 0 Warning(s).
 
*** Rebuild Pass #2 with Cross-Module Feedback invoked.
Rebuild target 'nrf51822_xxaa (256K)'
creating preprocessor file for main.c...
compiling main.c...
assembling startup_arm_nrf51.s...
creating preprocessor file for system_nrf51.c...
compiling system_nrf51.c...
creating preprocessor file for nrf_delay.c...
compiling nrf_delay.c...
linking...
Program Size: Code=1040 RO-data=208 RW-data=16 ZI-data=2048  
FromELF: creating hex file...
".\_build\melon_blinky.axf" - 0 Error(s), 0 Warning(s).
 
*** Rebuild Pass #1 with Cross-Module Feedback - 'Clean' invoked.
Clean started: Project: 'blinky'
   deleting intermediate output files for target 'nrf51822_xxaa (256K)'
Build target 'nrf51822_xxaa (256K)'
creating preprocessor file for main.c...
compiling main.c...
assembling startup_arm_nrf51.s...
creating preprocessor file for system_nrf51.c...
compiling system_nrf51.c...
creating preprocessor file for nrf_delay.c...
compiling nrf_delay.c...
linking...
Program Size: Code=1040 RO-data=208 RW-data=16 ZI-data=2048  
".\_build\melon_blinky.axf" - 0 Error(s), 0 Warning(s).
 
*** Rebuild Pass #2 with Cross-Module Feedback invoked.
Rebuild target 'nrf51822_xxaa (256K)'
creating preprocessor file for main.c...
compiling main.c...
assembling startup_arm_nrf51.s...
creating preprocessor file for system_nrf51.c...
compiling system_nrf51.c...
creating preprocessor file for nrf_delay.c...
compiling nrf_delay.c...
linking...
Program Size: Code=1040 RO-data=208 RW-data=16 ZI-data=2048  
FromELF: creating hex file...
".\_build\melon_blinky.axf" - 0 Error(s), 0 Warning(s).
