ARM Linker, 5.02 [Build 28] [MDK-ARM Lite]

==============================================================================

Section Cross References

    main.o(i.TIMER0_IRQHandler) refers to main.o(i.nrf_gpio_word_byte_write) for nrf_gpio_word_byte_write
    main.o(i.TIMER0_IRQHandler) refers to main.o(.data) for timer0_cc0_period
    main.o(i.key_scan) refers to main.o(.data) for pkey
    main.o(i.main) refers to main.o(i.nrf_gpio_cfg_output) for nrf_gpio_cfg_output
    main.o(i.main) refers to main.o(i.nrf_gpio_cfg_input) for nrf_gpio_cfg_input
    main.o(i.main) refers to uidiv.o(.text) for __aeabi_uidivmod
    main.o(i.main) refers to main.o(i.timer0_init) for timer0_init
    main.o(i.main) refers to main.o(i.nrf_gpio_port_set) for nrf_gpio_port_set
    main.o(i.main) refers to main.o(i.nrf_gpio_port_clear) for nrf_gpio_port_clear
    main.o(i.main) refers to main.o(i.nrf_gpio_pin_read) for nrf_gpio_pin_read
    main.o(i.main) refers to main.o(i.key_scan) for key_scan
    main.o(i.main) refers to nrf_delay.o(i.nrf_delay_ms) for nrf_delay_ms
    main.o(i.main) refers to main.o(i.__ARM_common_switch8) for __ARM_common_switch8
    main.o(i.main) refers to system_nrf51.o(.data) for SystemCoreClock
    main.o(i.main) refers to main.o(.data) for timer0_cc0_period
    main.o(i.nrf_gpio_port_clear) refers to main.o(i.nrf_gpio_word_byte_write) for nrf_gpio_word_byte_write
    main.o(i.nrf_gpio_port_set) refers to main.o(i.nrf_gpio_word_byte_write) for nrf_gpio_word_byte_write
    main.o(i.timer0_init) refers to main.o(.data) for timer0_cc0_period
    startup_arm_nrf51.o(RESET) refers to startup_arm_nrf51.o(STACK) for __initial_sp
    startup_arm_nrf51.o(RESET) refers to startup_arm_nrf51.o(.text) for Reset_Handler
    startup_arm_nrf51.o(RESET) refers to main.o(i.TIMER0_IRQHandler) for TIMER0_IRQHandler
    startup_arm_nrf51.o(.text) refers to system_nrf51.o(i.SystemInit) for SystemInit
    startup_arm_nrf51.o(.text) refers to entry.o(.ARM.Collect$$$$00000000) for __main
    system_nrf51.o(i.SystemCoreClockUpdate) refers to system_nrf51.o(.data) for SystemCoreClock
    nrf_delay.o(i.nrf_delay_ms) refers to nrf_delay.o(.emb_text) for __asm___11_nrf_delay_c_532987f3__nrf_delay_us
    entry.o(.ARM.Collect$$$$00000000) refers (Special) to entry7b.o(.ARM.Collect$$$$00000008) for _main_clock
    entry.o(.ARM.Collect$$$$00000000) refers (Special) to entry8.o(.ARM.Collect$$$$00000009) for _main_init
    entry.o(.ARM.Collect$$$$00000000) refers (Special) to entry5.o(.ARM.Collect$$$$00000004) for _main_scatterload
    entry.o(.ARM.Collect$$$$00000000) refers (Special) to entry2.o(.ARM.Collect$$$$00000001) for _main_stk
    entry2.o(.ARM.Collect$$$$00000001) refers to entry2.o(.ARM.Collect$$$$00002712) for __lit__00000000
    entry2.o(.ARM.Collect$$$$00002712) refers to startup_arm_nrf51.o(STACK) for __initial_sp
    entry2.o(__vectab_stack_and_reset_area) refers to startup_arm_nrf51.o(STACK) for __initial_sp
    entry2.o(__vectab_stack_and_reset_area) refers to entry.o(.ARM.Collect$$$$00000000) for __main
    entry5.o(.ARM.Collect$$$$00000004) refers to init.o(.text) for __scatterload
    entry8.o(.ARM.Collect$$$$00000009) refers to main.o(i.main) for main
    init.o(.text) refers to entry5.o(.ARM.Collect$$$$00000004) for __main_after_scatterload


==============================================================================

Removing Unused input sections from the image.

    Removing main.o(.rev16_text), (4 bytes).
    Removing main.o(.revsh_text), (4 bytes).
    Removing main.o(.emb_text), (30 bytes).
    Removing startup_arm_nrf51.o(HEAP), (2048 bytes).
    Removing system_nrf51.o(.rev16_text), (4 bytes).
    Removing system_nrf51.o(.revsh_text), (4 bytes).
    Removing system_nrf51.o(i.SystemCoreClockUpdate), (16 bytes).
    Removing nrf_delay.o(.rev16_text), (4 bytes).
    Removing nrf_delay.o(.revsh_text), (4 bytes).

9 unused section(s) (total 2118 bytes) removed from the image.

==============================================================================

Image Symbol Table

    Local Symbols

    Symbol Name                              Value     Ov Type        Size  Object(Section)

    RESET                                    0x00000000   Section      192  startup_arm_nrf51.o(RESET)
    ../clib/microlib/division.c              0x00000000   Number         0  uidiv.o ABSOLUTE
    ../clib/microlib/init/entry.s            0x00000000   Number         0  entry7b.o ABSOLUTE
    ../clib/microlib/init/entry.s            0x00000000   Number         0  entry7a.o ABSOLUTE
    ../clib/microlib/init/entry.s            0x00000000   Number         0  entry5.o ABSOLUTE
    ../clib/microlib/init/entry.s            0x00000000   Number         0  entry8.o ABSOLUTE
    ../clib/microlib/init/entry.s            0x00000000   Number         0  entry2.o ABSOLUTE
    ../clib/microlib/init/entry.s            0x00000000   Number         0  entry.o ABSOLUTE
    ..\..\..\..\Source\nrf_delay\nrf_delay.c 0x00000000   Number         0  nrf_delay.o ABSOLUTE
    ..\..\..\..\Source\templates\arm\arm_startup_nrf51.s 0x00000000   Number         0  startup_arm_nrf51.o ABSOLUTE
    ..\..\..\..\Source\templates\system_nrf51.c 0x00000000   Number         0  system_nrf51.o ABSOLUTE
    ..\\..\\..\\..\\Source\\nrf_delay\\nrf_delay.c 0x00000000   Number         0  nrf_delay.o ABSOLUTE
    ..\\..\\..\\..\\Source\\templates\\system_nrf51.c 0x00000000   Number         0  system_nrf51.o ABSOLUTE
    ..\\main.c                               0x00000000   Number         0  main.o ABSOLUTE
    ..\main.c                                0x00000000   Number         0  main.o ABSOLUTE
    dc.s                                     0x00000000   Number         0  dc.o ABSOLUTE
    handlers.s                               0x00000000   Number         0  handlers.o ABSOLUTE
    init.s                                   0x00000000   Number         0  init.o ABSOLUTE
    .ARM.Collect$$$$00000000                 0x000000c0   Section        0  entry.o(.ARM.Collect$$$$00000000)
    .ARM.Collect$$$$00000001                 0x000000c0   Section        4  entry2.o(.ARM.Collect$$$$00000001)
    .ARM.Collect$$$$00000004                 0x000000c4   Section        4  entry5.o(.ARM.Collect$$$$00000004)
    .ARM.Collect$$$$00000008                 0x000000c8   Section        0  entry7b.o(.ARM.Collect$$$$00000008)
    .ARM.Collect$$$$00000009                 0x000000c8   Section        8  entry8.o(.ARM.Collect$$$$00000009)
    .ARM.Collect$$$$00002712                 0x000000d0   Section        4  entry2.o(.ARM.Collect$$$$00002712)
    __lit__00000000                          0x000000d0   Data           4  entry2.o(.ARM.Collect$$$$00002712)
    .emb_text                                0x000000d4   Section       30  nrf_delay.o(.emb_text)
    .text                                    0x000000f4   Section       44  startup_arm_nrf51.o(.text)
    .text                                    0x00000120   Section        0  uidiv.o(.text)
    .text                                    0x0000014c   Section       36  init.o(.text)
    i.SystemInit                             0x00000170   Section        0  system_nrf51.o(i.SystemInit)
    i.TIMER0_IRQHandler                      0x0000019c   Section        0  main.o(i.TIMER0_IRQHandler)
    i.__ARM_common_switch8                   0x0000021c   Section        0  main.o(i.__ARM_common_switch8)
    i.__scatterload_copy                     0x00000238   Section       14  handlers.o(i.__scatterload_copy)
    i.__scatterload_null                     0x00000246   Section        2  handlers.o(i.__scatterload_null)
    i.__scatterload_zeroinit                 0x00000248   Section       14  handlers.o(i.__scatterload_zeroinit)
    i.key_scan                               0x00000258   Section        0  main.o(i.key_scan)
    i.main                                   0x00000288   Section        0  main.o(i.main)
    i.nrf_delay_ms                           0x00000410   Section        0  nrf_delay.o(i.nrf_delay_ms)
    i.nrf_gpio_cfg_input                     0x00000428   Section        0  main.o(i.nrf_gpio_cfg_input)
    nrf_gpio_cfg_input                       0x00000429   Thumb Code    20  main.o(i.nrf_gpio_cfg_input)
    i.nrf_gpio_cfg_output                    0x0000043c   Section        0  main.o(i.nrf_gpio_cfg_output)
    nrf_gpio_cfg_output                      0x0000043d   Thumb Code    18  main.o(i.nrf_gpio_cfg_output)
    i.nrf_gpio_pin_read                      0x00000450   Section        0  main.o(i.nrf_gpio_pin_read)
    nrf_gpio_pin_read                        0x00000451   Thumb Code    14  main.o(i.nrf_gpio_pin_read)
    i.nrf_gpio_port_clear                    0x00000464   Section        0  main.o(i.nrf_gpio_port_clear)
    nrf_gpio_port_clear                      0x00000465   Thumb Code    18  main.o(i.nrf_gpio_port_clear)
    i.nrf_gpio_port_set                      0x0000047c   Section        0  main.o(i.nrf_gpio_port_set)
    nrf_gpio_port_set                        0x0000047d   Thumb Code    18  main.o(i.nrf_gpio_port_set)
    i.nrf_gpio_word_byte_write               0x00000494   Section        0  main.o(i.nrf_gpio_word_byte_write)
    nrf_gpio_word_byte_write                 0x00000495   Thumb Code     4  main.o(i.nrf_gpio_word_byte_write)
    i.timer0_init                            0x00000498   Section        0  main.o(i.timer0_init)
    timer0_init                              0x00000499   Thumb Code    38  main.o(i.timer0_init)
    .data                                    0x20000000   Section       12  main.o(.data)
    tCnt                                     0x20000000   Data           4  main.o(.data)
    pkey                                     0x20000004   Data           1  main.o(.data)
    timer0_cc0_period                        0x20000008   Data           4  main.o(.data)
    .data                                    0x2000000c   Section        4  system_nrf51.o(.data)
    STACK                                    0x20000010   Section     2048  startup_arm_nrf51.o(STACK)

    Global Symbols

    Symbol Name                              Value     Ov Type        Size  Object(Section)

    BuildAttributes$$THM_ISAv3M$S$PE$A:L22$X:L11$S22$IEEE1$IW$USESV6$~STKCKD$USESV7$~SHL$OSPACE$EBA8$MICROLIB$REQ8$PRES8$EABIv2 0x00000000   Number         0  anon$$obj.o ABSOLUTE
    __ARM_use_no_argv                        0x00000000   Number         0  main.o ABSOLUTE
    __Vectors                                0x00000000   Data           4  startup_arm_nrf51.o(RESET)
    __decompress                              - Undefined Weak Reference
    _clock_init                               - Undefined Weak Reference
    __Vectors_End                            0x000000c0   Data           0  startup_arm_nrf51.o(RESET)
    __Vectors_Size                           0x000000c0   Number         0  startup_arm_nrf51.o ABSOLUTE
    __main                                   0x000000c1   Thumb Code     0  entry.o(.ARM.Collect$$$$00000000)
    _main_stk                                0x000000c1   Thumb Code     0  entry2.o(.ARM.Collect$$$$00000001)
    _main_scatterload                        0x000000c5   Thumb Code     0  entry5.o(.ARM.Collect$$$$00000004)
    __main_after_scatterload                 0x000000c9   Thumb Code     0  entry5.o(.ARM.Collect$$$$00000004)
    _main_clock                              0x000000c9   Thumb Code     0  entry7b.o(.ARM.Collect$$$$00000008)
    _main_init                               0x000000c9   Thumb Code     0  entry8.o(.ARM.Collect$$$$00000009)
    __asm___11_nrf_delay_c_532987f3__nrf_delay_us 0x000000d5   Thumb Code    30  nrf_delay.o(.emb_text)
    Reset_Handler                            0x000000f5   Thumb Code    18  startup_arm_nrf51.o(.text)
    NMI_Handler                              0x00000107   Thumb Code     2  startup_arm_nrf51.o(.text)
    HardFault_Handler                        0x00000109   Thumb Code     2  startup_arm_nrf51.o(.text)
    SVC_Handler                              0x0000010b   Thumb Code     2  startup_arm_nrf51.o(.text)
    PendSV_Handler                           0x0000010d   Thumb Code     2  startup_arm_nrf51.o(.text)
    SysTick_Handler                          0x0000010f   Thumb Code     2  startup_arm_nrf51.o(.text)
    ADC_IRQHandler                           0x00000111   Thumb Code     0  startup_arm_nrf51.o(.text)
    CCM_AAR_IRQHandler                       0x00000111   Thumb Code     0  startup_arm_nrf51.o(.text)
    ECB_IRQHandler                           0x00000111   Thumb Code     0  startup_arm_nrf51.o(.text)
    GPIOTE_IRQHandler                        0x00000111   Thumb Code     0  startup_arm_nrf51.o(.text)
    POWER_CLOCK_IRQHandler                   0x00000111   Thumb Code     0  startup_arm_nrf51.o(.text)
    QDEC_IRQHandler                          0x00000111   Thumb Code     0  startup_arm_nrf51.o(.text)
    RADIO_IRQHandler                         0x00000111   Thumb Code     0  startup_arm_nrf51.o(.text)
    RNG_IRQHandler                           0x00000111   Thumb Code     0  startup_arm_nrf51.o(.text)
    RTC0_IRQHandler                          0x00000111   Thumb Code     0  startup_arm_nrf51.o(.text)
    RTC1_IRQHandler                          0x00000111   Thumb Code     0  startup_arm_nrf51.o(.text)
    SPI0_TWI0_IRQHandler                     0x00000111   Thumb Code     0  startup_arm_nrf51.o(.text)
    SPI1_TWI1_IRQHandler                     0x00000111   Thumb Code     0  startup_arm_nrf51.o(.text)
    SWI0_IRQHandler                          0x00000111   Thumb Code     0  startup_arm_nrf51.o(.text)
    SWI1_IRQHandler                          0x00000111   Thumb Code     0  startup_arm_nrf51.o(.text)
    SWI2_IRQHandler                          0x00000111   Thumb Code     0  startup_arm_nrf51.o(.text)
    SWI3_IRQHandler                          0x00000111   Thumb Code     0  startup_arm_nrf51.o(.text)
    SWI4_IRQHandler                          0x00000111   Thumb Code     0  startup_arm_nrf51.o(.text)
    SWI5_IRQHandler                          0x00000111   Thumb Code     0  startup_arm_nrf51.o(.text)
    TEMP_IRQHandler                          0x00000111   Thumb Code     0  startup_arm_nrf51.o(.text)
    TIMER1_IRQHandler                        0x00000111   Thumb Code     0  startup_arm_nrf51.o(.text)
    TIMER2_IRQHandler                        0x00000111   Thumb Code     0  startup_arm_nrf51.o(.text)
    UART0_IRQHandler                         0x00000111   Thumb Code     0  startup_arm_nrf51.o(.text)
    WDT_IRQHandler                           0x00000111   Thumb Code     0  startup_arm_nrf51.o(.text)
    WUCOMP_COMP_IRQHandler                   0x00000111   Thumb Code     0  startup_arm_nrf51.o(.text)
    __aeabi_uidiv                            0x00000121   Thumb Code     0  uidiv.o(.text)
    __aeabi_uidivmod                         0x00000121   Thumb Code    44  uidiv.o(.text)
    __scatterload                            0x0000014d   Thumb Code    28  init.o(.text)
    __scatterload_rt2                        0x0000014d   Thumb Code     0  init.o(.text)
    SystemInit                               0x00000171   Thumb Code    26  system_nrf51.o(i.SystemInit)
    TIMER0_IRQHandler                        0x0000019d   Thumb Code   102  main.o(i.TIMER0_IRQHandler)
    __ARM_common_switch8                     0x0000021d   Thumb Code    28  main.o(i.__ARM_common_switch8)
    __scatterload_copy                       0x00000239   Thumb Code    14  handlers.o(i.__scatterload_copy)
    __scatterload_null                       0x00000247   Thumb Code     2  handlers.o(i.__scatterload_null)
    __scatterload_zeroinit                   0x00000249   Thumb Code    14  handlers.o(i.__scatterload_zeroinit)
    key_scan                                 0x00000259   Thumb Code    42  main.o(i.key_scan)
    main                                     0x00000289   Thumb Code   380  main.o(i.main)
    nrf_delay_ms                             0x00000411   Thumb Code    20  nrf_delay.o(i.nrf_delay_ms)
    Region$$Table$$Base                      0x000004d0   Number         0  anon$$obj.o(Region$$Table)
    Region$$Table$$Limit                     0x000004e0   Number         0  anon$$obj.o(Region$$Table)
    SystemCoreClock                          0x2000000c   Data           4  system_nrf51.o(.data)
    __initial_sp                             0x20000810   Data           0  startup_arm_nrf51.o(STACK)



==============================================================================

Memory Map of the image

  Image Entry point : 0x000000c1

  Load Region LR_IROM1 (Base: 0x00000000, Size: 0x000004f0, Max: 0x00040000, ABSOLUTE)

    Execution Region ER_IROM1 (Base: 0x00000000, Size: 0x000004e0, Max: 0x00040000, ABSOLUTE)

    Base Addr    Size         Type   Attr      Idx    E Section Name        Object

    0x00000000   0x000000c0   Data   RO          127    RESET               startup_arm_nrf51.o
    0x000000c0   0x00000000   Code   RO          188  * .ARM.Collect$$$$00000000  mc_p.l(entry.o)
    0x000000c0   0x00000004   Code   RO          193    .ARM.Collect$$$$00000001  mc_p.l(entry2.o)
    0x000000c4   0x00000004   Code   RO          196    .ARM.Collect$$$$00000004  mc_p.l(entry5.o)
    0x000000c8   0x00000000   Code   RO          198    .ARM.Collect$$$$00000008  mc_p.l(entry7b.o)
    0x000000c8   0x00000008   Code   RO          199    .ARM.Collect$$$$00000009  mc_p.l(entry8.o)
    0x000000d0   0x00000004   Code   RO          194    .ARM.Collect$$$$00002712  mc_p.l(entry2.o)
    0x000000d4   0x0000001e   Code   RO          166    .emb_text           nrf_delay.o
    0x000000f2   0x00000002   PAD
    0x000000f4   0x0000002c   Code   RO          128    .text               startup_arm_nrf51.o
    0x00000120   0x0000002c   Code   RO          191    .text               mc_p.l(uidiv.o)
    0x0000014c   0x00000024   Code   RO          200    .text               mc_p.l(init.o)
    0x00000170   0x0000002c   Code   RO          135    i.SystemInit        system_nrf51.o
    0x0000019c   0x00000080   Code   RO            4    i.TIMER0_IRQHandler  main.o
    0x0000021c   0x0000001c   Code   RO           72    i.__ARM_common_switch8  main.o
    0x00000238   0x0000000e   Code   RO          204    i.__scatterload_copy  mc_p.l(handlers.o)
    0x00000246   0x00000002   Code   RO          205    i.__scatterload_null  mc_p.l(handlers.o)
    0x00000248   0x0000000e   Code   RO          206    i.__scatterload_zeroinit  mc_p.l(handlers.o)
    0x00000256   0x00000002   PAD
    0x00000258   0x00000030   Code   RO            5    i.key_scan          main.o
    0x00000288   0x00000188   Code   RO            6    i.main              main.o
    0x00000410   0x00000018   Code   RO          167    i.nrf_delay_ms      nrf_delay.o
    0x00000428   0x00000014   Code   RO            7    i.nrf_gpio_cfg_input  main.o
    0x0000043c   0x00000012   Code   RO            8    i.nrf_gpio_cfg_output  main.o
    0x0000044e   0x00000002   PAD
    0x00000450   0x00000014   Code   RO            9    i.nrf_gpio_pin_read  main.o
    0x00000464   0x00000018   Code   RO           10    i.nrf_gpio_port_clear  main.o
    0x0000047c   0x00000018   Code   RO           11    i.nrf_gpio_port_set  main.o
    0x00000494   0x00000004   Code   RO           12    i.nrf_gpio_word_byte_write  main.o
    0x00000498   0x00000038   Code   RO           13    i.timer0_init       main.o
    0x000004d0   0x00000010   Data   RO          202    Region$$Table       anon$$obj.o


    Execution Region RW_IRAM1 (Base: 0x20000000, Size: 0x00000810, Max: 0x00004000, ABSOLUTE, UNINIT)

    Base Addr    Size         Type   Attr      Idx    E Section Name        Object

    0x20000000   0x0000000c   Data   RW           14    .data               main.o
    0x2000000c   0x00000004   Data   RW          136    .data               system_nrf51.o
    0x20000010   0x00000800   Zero   RW          125    STACK               startup_arm_nrf51.o


==============================================================================

Image component sizes


      Code (inc. data)   RO Data    RW Data    ZI Data      Debug   Object Name

       762         88          0         12          0      11298   main.o
        54          4          0          0          0       1347   nrf_delay.o
        44         14        192          0       2048        664   startup_arm_nrf51.o
        44         18          0          4          0        735   system_nrf51.o

    ----------------------------------------------------------------------
       908        124        208         16       2048      14044   Object Totals
         0          0         16          0          0          0   (incl. Generated)
         4          0          0          0          0          0   (incl. Padding)

    ----------------------------------------------------------------------

      Code (inc. data)   RO Data    RW Data    ZI Data      Debug   Library Member Name

         0          0          0          0          0          0   entry.o
         8          4          0          0          0          0   entry2.o
         4          0          0          0          0          0   entry5.o
         0          0          0          0          0          0   entry7b.o
         8          4          0          0          0          0   entry8.o
        30          0          0          0          0          0   handlers.o
        36          8          0          0          0         68   init.o
        44          0          0          0          0         72   uidiv.o

    ----------------------------------------------------------------------
       132         16          0          0          0        140   Library Totals
         2          0          0          0          0          0   (incl. Padding)

    ----------------------------------------------------------------------

      Code (inc. data)   RO Data    RW Data    ZI Data      Debug   Library Name

       130         16          0          0          0        140   mc_p.l

    ----------------------------------------------------------------------
       132         16          0          0          0        140   Library Totals

    ----------------------------------------------------------------------

==============================================================================


      Code (inc. data)   RO Data    RW Data    ZI Data      Debug   

      1040        140        208         16       2048      13596   Grand Totals
      1040        140        208         16       2048      13596   ELF Image Totals
      1040        140        208         16          0          0   ROM Totals

==============================================================================

    Total RO  Size (Code + RO Data)                 1248 (   1.22kB)
    Total RW  Size (RW Data + ZI Data)              2064 (   2.02kB)
    Total ROM Size (Code + RO Data + RW Data)       1264 (   1.23kB)

==============================================================================

